// Jest Snapshot v1, https://goo.gl/fbAQLP

exports[`<Simple /> should render successfully 1`] = `
.c0 {
  color: orange;
  background: black;
}

<h1
  className="c0"
/>
`;
